
> qris-mkasir@1.0.0 build
> next build

  ▲ Next.js 14.2.35

   Creating an optimized production build ...
request to https://fonts.googleapis.com/css2?family=Inter:wght@100..900&display=swap failed, reason: unable to get local issuer certificate

Retrying 1/3...
request to https://fonts.googleapis.com/css2?family=Inter:wght@100..900&display=swap failed, reason: unable to get local issuer certificate

Retrying 2/3...
request to https://fonts.googleapis.com/css2?family=Inter:wght@100..900&display=swap failed, reason: unable to get local issuer certificate

Retrying 3/3...
FetchError: request to https://fonts.googleapis.com/css2?family=Inter:wght@100..900&display=swap failed, reason: unable to get local issuer certificate
    at ClientRequest.<anonymous> (/Users/mac/Desktop/qris-mkasir/node_modules/next/dist/compiled/node-fetch/index.js:1:66160)
    at ClientRequest.emit (node:events:518:28)
    at emitErrorEvent (node:_http_client:101:11)
    at TLSSocket.socketErrorListener (node:_http_client:504:5)
    at TLSSocket.emit (node:events:518:28)
    at emitErrorNT (node:internal/streams/destroy:169:8)
    at emitErrorCloseNT (node:internal/streams/destroy:128:3)
    at process.processTicksAndRejections (node:internal/process/task_queues:82:21) {
  type: 'system',
  errno: 'UNABLE_TO_GET_ISSUER_CERT_LOCALLY',
  code: 'UNABLE_TO_GET_ISSUER_CERT_LOCALLY'
}
Failed to compile.

app/layout.tsx
`next/font` error:
Failed to fetch `Inter` from Google Fonts.

./node_modules/next/dist/client/components/router-reducer/create-href-from-url.js
Error: Failed to read source code from /Users/mac/Desktop/qris-mkasir/node_modules/next/dist/client/components/router-reducer/create-href-from-url.js

Caused by:
    Operation not permitted (os error 1)

Import trace for requested module:
./node_modules/next/dist/client/components/router-reducer/create-href-from-url.js
./node_modules/next/dist/client/components/app-router.js

./node_modules/next/dist/client/components/router-reducer/create-initial-router-state.js
Error: Failed to read source code from /Users/mac/Desktop/qris-mkasir/node_modules/next/dist/client/components/router-reducer/create-initial-router-state.js

Caused by:
    Operation not permitted (os error 1)

Import trace for requested module:
./node_modules/next/dist/client/components/router-reducer/create-initial-router-state.js
./node_modules/next/dist/client/components/app-router.js

./node_modules/next/dist/client/components/router-reducer/create-router-cache-key.js
Error: Failed to read source code from /Users/mac/Desktop/qris-mkasir/node_modules/next/dist/client/components/router-reducer/create-router-cache-key.js

Caused by:
    Operation not permitted (os error 1)

Import trace for requested module:
./node_modules/next/dist/client/components/router-reducer/create-router-cache-key.js
./node_modules/next/dist/client/components/layout-router.js

./node_modules/next/dist/client/components/router-reducer/fetch-server-response.js
Error: Failed to read source code from /Users/mac/Desktop/qris-mkasir/node_modules/next/dist/client/components/router-reducer/fetch-server-response.js

Caused by:
    Operation not permitted (os error 1)

Import trace for requested module:
./node_modules/next/dist/client/components/router-reducer/fetch-server-response.js
./node_modules/next/dist/client/components/layout-router.js


> Build failed because of webpack errors
unhandledRejection Error: kill EPERM
    at ChildProcess.kill (node:internal/child_process:511:26)
    at cleanupWorkers (/Users/mac/Desktop/qris-mkasir/node_modules/next/dist/lib/worker.js:17:85)
    at Worker.close (/Users/mac/Desktop/qris-mkasir/node_modules/next/dist/lib/worker.js:126:13)
    at process.<anonymous> (/Users/mac/Desktop/qris-mkasir/node_modules/next/dist/lib/worker.js:30:18)
    at process.emit (node:events:518:28)
    at process.exit (node:internal/process/per_thread:185:15)
    at printAndExit (/Users/mac/Desktop/qris-mkasir/node_modules/next/dist/server/lib/utils.js:50:13)
    at /Users/mac/Desktop/qris-mkasir/node_modules/next/dist/cli/next-build.js:58:37
    at process.processTicksAndRejections (node:internal/process/task_queues:95:5) {
  errno: -1,
  code: 'EPERM',
  syscall: 'kill'
}
